// Jest Snapshot v1, https://goo.gl/fbAQLP

exports[`Cloud Cost Manager Bucket Snapshot Bucket 1`] = `
Object {
  "Parameters": Object {
    "BootstrapVersion": Object {
      "Default": "/cdk-bootstrap/hnb659fds/version",
      "Description": "Version of the CDK Bootstrap resources in this environment, automatically retrieved from SSM Parameter Store. [cdk:skip]",
      "Type": "AWS::SSM::Parameter::Value<String>",
    },
  },
  "Resources": Object {
    "testbucketE6E05ABE": Object {
      "DeletionPolicy": "Retain",
      "Properties": Object {
        "IntelligentTieringConfigurations": Array [
          Object {
            "Id": "test-tier",
            "Status": "Enabled",
            "Tierings": Array [],
          },
        ],
        "PublicAccessBlockConfiguration": Object {
          "BlockPublicAcls": true,
          "BlockPublicPolicy": true,
          "IgnorePublicAcls": true,
          "RestrictPublicBuckets": true,
        },
        "Tags": Array [
          Object {
            "Key": "cloud-cost-manager:check:bucket",
            "Value": "pass",
          },
          Object {
            "Key": "cloud-cost-manager:customer-name",
            "Value": "acme-co",
          },
          Object {
            "Key": "cloud-cost-manager:env-name",
            "Value": "staging",
          },
        ],
      },
      "Type": "AWS::S3::Bucket",
      "UpdateReplacePolicy": "Retain",
    },
  },
  "Rules": Object {
    "CheckBootstrapVersion": Object {
      "Assertions": Array [
        Object {
          "Assert": Object {
            "Fn::Not": Array [
              Object {
                "Fn::Contains": Array [
                  Array [
                    "1",
                    "2",
                    "3",
                    "4",
                    "5",
                  ],
                  Object {
                    "Ref": "BootstrapVersion",
                  },
                ],
              },
            ],
          },
          "AssertDescription": "CDK bootstrap stack version 6 required. Please run 'cdk bootstrap' with a recent version of the CDK CLI.",
        },
      ],
    },
  },
}
`;
